BL51 BANKED LINKER/LOCATER V6.22                                                        03/30/2017  10:34:07  PAGE 1


BL51 BANKED LINKER/LOCATER V6.22, INVOKED BY:
C:\KEIL\C51\BIN\BL51.EXE lcdinterfacing.obj TO lcdinterfacing


MEMORY MODEL: SMALL


INPUT MODULES INCLUDED:
  lcdinterfacing.obj (LCDINTERFACING)
  C:\KEIL\C51\LIB\C51S.LIB (?C_STARTUP)
  C:\KEIL\C51\LIB\C51S.LIB (?C?CLDOPTR)


LINK MAP OF MODULE:  lcdinterfacing (LCDINTERFACING)


            TYPE    BASE      LENGTH    RELOCATION   SEGMENT NAME
            -----------------------------------------------------

            * * * * * * *   D A T A   M E M O R Y   * * * * * * *
            REG     0000H     0008H     ABSOLUTE     "REG BANK 0"
            DATA    0008H     0005H     UNIT         _DATA_GROUP_
            DATA    000DH     0004H     UNIT         ?DT?LCDINTERFACING
            IDATA   0011H     0001H     UNIT         ?STACK

            * * * * * * *   C O D E   M E M O R Y   * * * * * * *
            CODE    0000H     0003H     ABSOLUTE     
                    0003H     07FDH                  *** GAP ***
            CODE    0800H     003DH     UNIT         ?PR?MAIN?LCDINTERFACING
            CODE    083DH     002EH     UNIT         ?PR?_LCDDATAA?LCDINTERFACING
            CODE    086BH     002DH     UNIT         ?C?LIB_CODE
            CODE    0898H     0027H     UNIT         ?PR?_MSDELAY?LCDINTERFACING
            CODE    08BFH     0012H     UNIT         ?PR?_LCDCMD?LCDINTERFACING
            CODE    08D1H     000EH     UNIT         ?PR?_LCDDATA?LCDINTERFACING
            CODE    08DFH     000CH     UNIT         ?CO?LCDINTERFACING
            CODE    08EBH     000CH     UNIT         ?C_C51STARTUP



OVERLAY MAP OF MODULE:   lcdinterfacing (LCDINTERFACING)


SEGMENT                                DATA_GROUP 
  +--> CALLED SEGMENT                START    LENGTH
----------------------------------------------------
?C_C51STARTUP                        -----    -----
  +--> ?PR?MAIN?LCDINTERFACING

?PR?MAIN?LCDINTERFACING              -----    -----
  +--> ?PR?_MSDELAY?LCDINTERFACING
  +--> ?CO?LCDINTERFACING
  +--> ?PR?_LCDDATAA?LCDINTERFACING
  +--> ?PR?_LCDCMD?LCDINTERFACING

?PR?_MSDELAY?LCDINTERFACING          -----    -----
  +--> ?PR?_LCDCMD?LCDINTERFACING

?PR?_LCDDATAA?LCDINTERFACING         0008H    0005H
BL51 BANKED LINKER/LOCATER V6.22                                                      03/30/2017  10:34:07  PAGE 2


  +--> ?PR?_LCDDATA?LCDINTERFACING
  +--> ?PR?_MSDELAY?LCDINTERFACING

?PR?_LCDDATA?LCDINTERFACING          -----    -----
  +--> ?PR?_MSDELAY?LCDINTERFACING



SYMBOL TABLE OF MODULE:  lcdinterfacing (LCDINTERFACING)

  VALUE           TYPE          NAME
  ----------------------------------

  -------         MODULE        LCDINTERFACING
  C:0000H         SYMBOL        _ICE_DUMMY_
  D:0090H         PUBLIC        P1
  D:00A0H         PUBLIC        P2
  D:000DH         PUBLIC        value
  C:0800H         PUBLIC        main
  C:083DH         PUBLIC        _lcddataa
  C:08D1H         PUBLIC        _lcddata
  B:0090H.2       PUBLIC        e
  B:0090H.0       PUBLIC        rs
  B:0090H.1       PUBLIC        rw
  C:08BFH         PUBLIC        _lcdcmd
  C:089FH         PUBLIC        _msdelay
  D:000EH         PUBLIC        display
  C:0898H         SYMBOL        L?0019
  C:089BH         SYMBOL        L?0020
  -------         PROC          L?0018
  -------         ENDPROC       L?0018
  C:0898H         SYMBOL        L?0019
  C:089BH         SYMBOL        L?0020
  -------         PROC          _MSDELAY
  D:0006H         SYMBOL        time
  -------         DO            
  D:0004H         SYMBOL        i
  D:0002H         SYMBOL        j
  -------         ENDDO         
  C:089FH         LINE#         9
  C:089FH         LINE#         10
  C:089FH         LINE#         12
  C:08A9H         LINE#         13
  C:08A9H         LINE#         14
  C:08B7H         LINE#         15
  C:08BEH         LINE#         16
  -------         ENDPROC       _MSDELAY
  -------         PROC          _LCDCMD
  D:0007H         SYMBOL        value
  C:08BFH         LINE#         17
  C:08BFH         LINE#         18
  C:08BFH         LINE#         19
  C:08C1H         LINE#         20
  C:08C3H         LINE#         21
  C:08C5H         LINE#         22
  C:08C7H         LINE#         23
  C:08CEH         LINE#         24
BL51 BANKED LINKER/LOCATER V6.22                                                      03/30/2017  10:34:07  PAGE 3


  C:08D0H         LINE#         25
  -------         ENDPROC       _LCDCMD
  -------         PROC          _LCDDATA
  D:0007H         SYMBOL        value
  C:08D1H         LINE#         27
  C:08D1H         LINE#         28
  C:08D1H         LINE#         29
  C:08D3H         LINE#         30
  C:08D5H         LINE#         31
  C:08D7H         LINE#         32
  C:08D9H         LINE#         33
  C:08DCH         LINE#         34
  C:08DEH         LINE#         35
  -------         ENDPROC       _LCDDATA
  -------         PROC          _LCDDATAA
  D:0008H         SYMBOL        display
  -------         DO            
  D:000BH         SYMBOL        x
  -------         ENDDO         
  C:083DH         LINE#         37
  C:0843H         LINE#         38
  C:0843H         LINE#         40
  C:085AH         LINE#         41
  C:085AH         LINE#         42
  C:085DH         LINE#         43
  C:0860H         LINE#         44
  C:086AH         LINE#         46
  -------         ENDPROC       _LCDDATAA
  -------         PROC          MAIN
  C:0800H         LINE#         49
  C:0800H         LINE#         50
  C:0800H         LINE#         52
  C:0802H         LINE#         53
  C:0805H         LINE#         54
  C:0807H         LINE#         55
  C:080AH         LINE#         56
  C:080CH         LINE#         57
  C:080FH         LINE#         80
  C:0818H         LINE#         81
  C:081BH         LINE#         82
  C:081DH         LINE#         83
  C:0820H         LINE#         84
  C:0829H         LINE#         85
  C:082CH         LINE#         86
  C:082EH         LINE#         87
  C:0831H         LINE#         88
  C:0836H         LINE#         89
  -------         ENDPROC       MAIN
  -------         ENDMOD        LCDINTERFACING

  -------         MODULE        ?C?CLDOPTR
  C:086BH         PUBLIC        ?C?CLDOPTR
  -------         ENDMOD        ?C?CLDOPTR

******************************************************************************
* RESTRICTED VERSION WITH 0800H BYTE CODE SIZE LIMIT; USED: 00BEH BYTE ( 9%) *
******************************************************************************
BL51 BANKED LINKER/LOCATER V6.22                                                      03/30/2017  10:34:07  PAGE 4



Program Size: data=18.0 xdata=0 code=250
LINK/LOCATE RUN COMPLETE.  0 WARNING(S),  0 ERROR(S)
